;***** variaveis para PACK() *****
4000 0000 ; "packA<"		;	packA   <
4001 0000 ; "packB<"		;	packB   < 
4002 0000 ; "PACK<"		;	PACK    <

;***** variaveis para UNPACK() *****
4003 0000 ; "UNPACK<"		;	UNPACK  <
4004 0000 ; "unpackA<"		;	unpackA  <
4005 0000 ; "unpackB<"		;	unpackB  <

;***** variaveis para CHTOI() TODO extrair *****
4006 0000 ; "CHTOI<"		;	CHTOI <
4007 0000 ; "chtoiA<"		;	chtoiA  <
4008 0000 ; "chtoiB<"		;	chtoiB  <

				;	& /0000 ;ANTES ERA @ /0000. SUBSTITUÍDO POR & /0000 APÓS COMENTÁRIO EM AULA SOBRE BUG.

a000 0008		;	MAIN  JP  INICIO
8002 4142		;	  varChtoiA K 'AB
8004 3132		;	  varChtoiB K '12
8006 0000		;	  varChtoiAB $ /0001   0
				;	  varChtoiAB $ /0001
;******INICIO DO PROGRAMA******
;Utilizaremos MEMCOPY para passar a string declarado no main para seu devido lugar
a008 8002		;	INICIO  LD  varChtoiA
d00a 9007		;	        MM chtoiA
a00c 8004		;	        LD  varChtoiB
d00e 9008		;	        MM chtoiB
d010 a006		;	        SC  CHTOI
a012 9006		;	        MM varChtoiAB
a014 c014		;	FIM   HM  FIM


