				;	@ /0000             ;Inicio do programa
0000 000e		;	main  JP  inicio    ;Jump para o inicio do programa
0002 fa21		;	entrada   K  /fa21  ;Entrada 
0004 0000		;	saidaA    $  /0001  ;Saida A   0
				;	saidaA    $  /0001  ;Saida A
0006 0000		;	saidaB    $  /0001  ;Saida B   0
				;	saidaB    $  /0001  ;Saida B
0008 0100		;	cem       K  /0100  ;100h constante
000a ff00		;	corr      K  /FF00  ;FF00h constante de correção
000c 0000		;	temp      $  /0001  ;temp           0
				;	temp      $  /0001  ;temp        
000e 8002		;	inicio    LD entrada
0010 a014		;	          SC UNPACK
0012 c012		;	fim       HM fim
0014 0000		;	UNPACK    $  /0001   0
				;	UNPACK    $  /0001
0016 900c		;	          MM temp   ;guarda no temp
0018 6008		;	          *  cem    ;shift de 2 bytes para esquerda
001a 7008		;	          /  cem    ;shift de 2 bytes para direita
001c 2022		;	          JN casoNeg ;caso negativo jmp para casoNEG
001e 9006		;	          MM saidaB
0020 0026		;	          JP parteA ;continua para pegar a primeira parte da palavra
0022 500a		;	casoNeg   - corr
0024 9006		;	          MM saidaB
0026 800c		;	parteA    LD temp
0028 5006		;	          - saidaB
002a 7008		;	          / cem
002c 2032		;	          JN casoNeg2 ;caso negativo
002e 9004		;	          MM saidaA
0030 0012		;	          JP fim
0032 500a		;	casoNeg2  - corr
0034 9004		;	          MM saidaA
0036 b014		;	          RS UNPACK
